Access                              C:\Program Files\Microsoft Office\Office\msaccess.exe
AcdSee                              C:\Program Files\acdsee32\acdsee32.exe
Cd Player                           C:\Windows\cdplayer.exe
Delphi 5                            c:\Program Files\borland\delphi5\bin\delphi32.exe
Excell                              C:\Program Files\Microsoft Office\Office\excel.exe
Front Page                          C:\Program Files\Microsoft Office\Office\frontpg.exe
Hesap Makinesi                      c:\Windows\calc.exe
Media Player                        C:\Program Files\Windows Media Player\MPLAYER2.EXE
Ms-Dos                              c:\Windows\command.com
Noteped                             c:\Windows\write.exe
Norton Anti Virus                   C:\Program Files\Norton Antivirus\navw32.exe
Powerpoint                          C:\Program Files\Microsoft Office\Office\powerpnt.exe
Paint Brush                         C:\Program Files\Accessories\mspaint.exe
Internet Explorer                   C:\Program Files\Internet Explorer\iexplore.exe
Word                                C:\Program Files\Microsoft Office\Office\winword.exe
Winamp                              c:\Program Files\winamp\winamp.exe
Winzip                              c:\Program Files\winzip\winzip32.exe
Winzip Self Extractor               c:\Program Files\winzip self-extractor\winzipse.exe
Windows Gezgini                     c:\Windows\explorer.exe /n,/e, c:\
XingMpeg Player                     C:\Program Files\xing\xingmpeg player\xmplayer.exe
Winnc                               C:\WINNC\Winnc32.exe
